Archive member included because of file (symbol)

c:/program files (x86)/atmel/atmel toolchain/avr8 gcc/native/3.4.2.1002/avr8-gnu-toolchain/bin/../lib/gcc/avr/4.7.2/avrxmega7\libgcc.a(_udivmodhi4.o)
                              src/ASF/xmega/drivers/usb/usb_device.o (__udivmodhi4)
c:/program files (x86)/atmel/atmel toolchain/avr8 gcc/native/3.4.2.1002/avr8-gnu-toolchain/bin/../lib/gcc/avr/4.7.2/avrxmega7\libgcc.a(_exit.o)
                              c:/program files (x86)/atmel/atmel toolchain/avr8 gcc/native/3.4.2.1002/avr8-gnu-toolchain/bin/../lib/gcc/avr/4.7.2/../../../../avr/lib/avrxmega7/crtx128a4u.o (exit)
c:/program files (x86)/atmel/atmel toolchain/avr8 gcc/native/3.4.2.1002/avr8-gnu-toolchain/bin/../lib/gcc/avr/4.7.2/avrxmega7\libgcc.a(_copy_data.o)
                              src/ASF/common/services/sleepmgr/xmega/sleepmgr.o (__do_copy_data)
c:/program files (x86)/atmel/atmel toolchain/avr8 gcc/native/3.4.2.1002/avr8-gnu-toolchain/bin/../lib/gcc/avr/4.7.2/avrxmega7\libgcc.a(_clear_bss.o)
                              src/ASF/common/services/usb/class/hid/device/kbd/example/atxmega128a4u_stk600-rc044x/ui.o (__do_clear_bss)
c:/program files (x86)/atmel/atmel toolchain/avr8 gcc/native/3.4.2.1002/avr8-gnu-toolchain/bin/../lib/gcc/avr/4.7.2/../../../../avr/lib/avrxmega7\libc.a(memcpy.o)
                              src/ASF/xmega/drivers/nvm/nvm.o (memcpy)

Allocating common symbols
Common symbol       size              file

udd_g_ctrlreq       0x10              src/ASF/xmega/drivers/usb/usb_device.o
sleepmgr_locks      0x6               src/ASF/common/services/sleepmgr/xmega/sleepmgr.o

Discarded input sections

 .bss           0x00000000        0x0 c:/program files (x86)/atmel/atmel toolchain/avr8 gcc/native/3.4.2.1002/avr8-gnu-toolchain/bin/../lib/gcc/avr/4.7.2/../../../../avr/lib/avrxmega7/crtx128a4u.o
 .group         0x00000000        0x8 src/ASF/common/services/usb/class/hid/device/kbd/example/atxmega128a4u_stk600-rc044x/ui.o
 .group         0x00000000        0x8 src/ASF/common/services/usb/class/hid/device/kbd/example/atxmega128a4u_stk600-rc044x/ui.o
 .group         0x00000000        0x8 src/ASF/common/services/usb/class/hid/device/kbd/example/atxmega128a4u_stk600-rc044x/ui.o
 .group         0x00000000        0x8 src/ASF/common/services/usb/class/hid/device/kbd/example/atxmega128a4u_stk600-rc044x/ui.o
 .group         0x00000000        0x8 src/ASF/common/services/usb/class/hid/device/kbd/example/atxmega128a4u_stk600-rc044x/ui.o
 .group         0x00000000        0x8 src/ASF/common/services/usb/class/hid/device/kbd/example/atxmega128a4u_stk600-rc044x/ui.o
 .group         0x00000000        0x8 src/ASF/common/services/usb/class/hid/device/kbd/example/atxmega128a4u_stk600-rc044x/ui.o
 .group         0x00000000        0x8 src/ASF/common/services/usb/class/hid/device/kbd/example/atxmega128a4u_stk600-rc044x/ui.o
 .group         0x00000000        0x8 src/ASF/common/services/usb/class/hid/device/kbd/example/atxmega128a4u_stk600-rc044x/ui.o
 .group         0x00000000        0x8 src/ASF/common/services/usb/class/hid/device/kbd/example/atxmega128a4u_stk600-rc044x/ui.o
 .group         0x00000000        0x8 src/ASF/common/services/usb/class/hid/device/kbd/example/atxmega128a4u_stk600-rc044x/ui.o
 .group         0x00000000        0x8 src/ASF/common/services/usb/class/hid/device/kbd/example/atxmega128a4u_stk600-rc044x/ui.o
 .group         0x00000000        0x8 src/ASF/common/services/usb/class/hid/device/kbd/example/atxmega128a4u_stk600-rc044x/ui.o
 .group         0x00000000        0x8 src/ASF/common/services/usb/class/hid/device/kbd/example/atxmega128a4u_stk600-rc044x/ui.o
 .group         0x00000000        0x8 src/ASF/common/services/usb/class/hid/device/kbd/example/atxmega128a4u_stk600-rc044x/ui.o
 .group         0x00000000        0x8 src/ASF/common/services/usb/class/hid/device/kbd/example/atxmega128a4u_stk600-rc044x/ui.o
 .group         0x00000000        0x8 src/ASF/common/services/usb/class/hid/device/kbd/example/atxmega128a4u_stk600-rc044x/ui.o
 .group         0x00000000        0x8 src/ASF/common/services/usb/class/hid/device/kbd/example/atxmega128a4u_stk600-rc044x/ui.o
 .group         0x00000000        0x8 src/ASF/common/services/usb/class/hid/device/kbd/example/atxmega128a4u_stk600-rc044x/ui.o
 .group         0x00000000        0x8 src/ASF/common/services/usb/class/hid/device/kbd/example/atxmega128a4u_stk600-rc044x/ui.o
 .group         0x00000000        0x8 src/ASF/common/services/usb/class/hid/device/kbd/example/atxmega128a4u_stk600-rc044x/ui.o
 .group         0x00000000        0x8 src/ASF/common/services/usb/class/hid/device/kbd/example/atxmega128a4u_stk600-rc044x/ui.o
 .group         0x00000000        0x8 src/ASF/common/services/usb/class/hid/device/kbd/example/atxmega128a4u_stk600-rc044x/ui.o
 .group         0x00000000        0x8 src/ASF/common/services/usb/class/hid/device/kbd/example/atxmega128a4u_stk600-rc044x/ui.o
[...]
Memory Configuration

Name             Origin             Length             Attributes
text             0x00000000         0x00100000         xr
data             0x00802000         0x0000ffa0         rw !x
eeprom           0x00810000         0x00010000         rw !x
fuse             0x00820000         0x00000400         rw !x
lock             0x00830000         0x00000400         rw !x
signature        0x00840000         0x00000400         rw !x
user_signatures  0x00850000         0x00000400         rw !x
*default*        0x00000000         0xffffffff

Linker script and memory map

LOAD c:/program files (x86)/atmel/atmel toolchain/avr8 gcc/native/3.4.2.1002/avr8-gnu-toolchain/bin/../lib/gcc/avr/4.7.2/../../../../avr/lib/avrxmega7/crtx128a4u.o
LOAD src/ASF/common/services/usb/class/hid/device/kbd/example/atxmega128a4u_stk600-rc044x/ui.o
LOAD src/ASF/common/services/clock/xmega/sysclk.o
LOAD src/ASF/common/services/ioport/xmega/ioport_compat.o
LOAD src/ASF/common/services/sleepmgr/xmega/sleepmgr.o
LOAD src/ASF/common/services/usb/class/hid/device/kbd/udi_hid_kbd.o
LOAD src/ASF/common/services/usb/class/hid/device/kbd/udi_hid_kbd_desc.o
LOAD src/ASF/common/services/usb/class/hid/device/udi_hid.o
LOAD src/ASF/common/services/usb/udc/udc.o
LOAD src/ASF/xmega/boards/stk600/rc044x/init.o
LOAD src/ASF/xmega/drivers/cpu/ccp.o
LOAD src/ASF/xmega/drivers/nvm/nvm.o
LOAD src/ASF/xmega/drivers/nvm/nvm_asm.o
LOAD src/ASF/xmega/drivers/usb/usb_device.o
LOAD src/main.o
START GROUP
LOAD c:/program files (x86)/atmel/atmel toolchain/avr8 gcc/native/3.4.2.1002/avr8-gnu-toolchain/bin/../lib/gcc/avr/4.7.2/../../../../avr/lib/avrxmega7\libm.a
END GROUP
Address of section .BOOT set to 0x20000
LOAD c:/program files (x86)/atmel/atmel toolchain/avr8 gcc/native/3.4.2.1002/avr8-gnu-toolchain/bin/../lib/gcc/avr/4.7.2/avrxmega7\libgcc.a
LOAD c:/program files (x86)/atmel/atmel toolchain/avr8 gcc/native/3.4.2.1002/avr8-gnu-toolchain/bin/../lib/gcc/avr/4.7.2/../../../../avr/lib/avrxmega7\libc.a
LOAD c:/program files (x86)/atmel/atmel toolchain/avr8 gcc/native/3.4.2.1002/avr8-gnu-toolchain/bin/../lib/gcc/avr/4.7.2/avrxmega7\libgcc.a

.hash
 *(.hash)

.dynsym
 *(.dynsym)

.dynstr
 *(.dynstr)

.gnu.version
 *(.gnu.version)

.gnu.version_d
 *(.gnu.version_d)

.gnu.version_r
 *(.gnu.version_r)

.rel.init
 *(.rel.init)

.rela.init
 *(.rela.init)

.rel.text
 *(.rel.text)
 *(.rel.text.*)
 *(.rel.gnu.linkonce.t*)

.rela.text
 *(.rela.text)
 *(.rela.text.*)
 *(.rela.gnu.linkonce.t*)

.rel.fini
 *(.rel.fini)

.rela.fini
 *(.rela.fini)

.rel.rodata
 *(.rel.rodata)
 *(.rel.rodata.*)
 *(.rel.gnu.linkonce.r*)

.rela.rodata
 *(.rela.rodata)
 *(.rela.rodata.*)
 *(.rela.gnu.linkonce.r*)

.rel.data
 *(.rel.data)
 *(.rel.data.*)
 *(.rel.gnu.linkonce.d*)

.rela.data
 *(.rela.data)
 *(.rela.data.*)
 *(.rela.gnu.linkonce.d*)

.rel.ctors
 *(.rel.ctors)

.rela.ctors
 *(.rela.ctors)

.rel.dtors
 *(.rel.dtors)

.rela.dtors
 *(.rela.dtors)

.rel.got
 *(.rel.got)

.rela.got
 *(.rela.got)

.rel.bss
 *(.rel.bss)

.rela.bss
 *(.rela.bss)

.rel.plt
 *(.rel.plt)

.rela.plt
 *(.rela.plt)

.text           0x00000000     0x1e30
 *(.vectors)
 .vectors       0x00000000      0x1fc c:/program files (x86)/atmel/atmel toolchain/avr8 gcc/native/3.4.2.1002/avr8-gnu-toolchain/bin/../lib/gcc/avr/4.7.2/../../../../avr/lib/avrxmega7/crtx128a4u.o
                0x00000000                __vector_default
                0x00000000                __vectors
 *(.vectors)
 *(.progmem.gcc*)
 *(.progmem*)
                0x000001fc                . = ALIGN (0x2)
                0x000001fc                __trampolines_start = .
 *(.trampolines)
 .trampolines   0x000001fc        0x0 linker stubs
 *(.trampolines*)
                0x000001fc                __trampolines_end = .
 *(.jumptables)
 *(.jumptables*)
 *(.lowtext)
 *(.lowtext*)
                0x000001fc                __ctors_start = .
 *(.ctors)
                0x000001fc                __ctors_end = .
                0x000001fc                __dtors_start = .
 *(.dtors)
                0x000001fc                __dtors_end = .
 SORT(*)(.ctors)
 SORT(*)(.dtors)
 *(.init0)
 .init0         0x000001fc        0x0 c:/program files (x86)/atmel/atmel toolchain/avr8 gcc/native/3.4.2.1002/avr8-gnu-toolchain/bin/../lib/gcc/avr/4.7.2/../../../../avr/lib/avrxmega7/crtx128a4u.o
                0x000001fc                __init
 *(.init0)
 *(.init1)
 *(.init1)
 *(.init2)
 .init2         0x000001fc       0x18 c:/program files (x86)/atmel/atmel toolchain/avr8 gcc/native/3.4.2.1002/avr8-gnu-toolchain/bin/../lib/gcc/avr/4.7.2/../../../../avr/lib/avrxmega7/crtx128a4u.o
 *(.init2)
 *(.init3)
 *(.init3)
 *(.init4)
 .init4         0x00000214       0x1c c:/program files (x86)/atmel/atmel toolchain/avr8 gcc/native/3.4.2.1002/avr8-gnu-toolchain/bin/../lib/gcc/avr/4.7.2/avrxmega7\libgcc.a(_copy_data.o)
                0x00000214                __do_copy_data
 .init4         0x00000230       0x10 c:/program files (x86)/atmel/atmel toolchain/avr8 gcc/native/3.4.2.1002/avr8-gnu-toolchain/bin/../lib/gcc/avr/4.7.2/avrxmega7\libgcc.a(_clear_bss.o)
                0x00000230                __do_clear_bss
 *(.init4)
 *(.init5)
 *(.init5)
 *(.init6)
 *(.init6)
 *(.init7)
 *(.init7)
 *(.init8)
 *(.init8)
 *(.init9)
 .init9         0x00000240        0x8 c:/program files (x86)/atmel/atmel toolchain/avr8 gcc/native/3.4.2.1002/avr8-gnu-toolchain/bin/../lib/gcc/avr/4.7.2/../../../../avr/lib/avrxmega7/crtx128a4u.o
 *(.init9)
 *(.text)
 .text          0x00000248        0x2 c:/program files (x86)/atmel/atmel toolchain/avr8 gcc/native/3.4.2.1002/avr8-gnu-toolchain/bin/../lib/gcc/avr/4.7.2/../../../../avr/lib/avrxmega7/crtx128a4u.o
                0x00000248                __vector_38
                0x00000248                __vector_104
                0x00000248                __vector_22
                0x00000248                __vector_63
                0x00000248                __vector_28
                0x00000248                __vector_67
                0x00000248                __vector_1
                0x00000248                __vector_119
                0x00000248                __vector_32
                0x00000248                __vector_75
                0x00000248                __vector_71
                0x00000248                __vector_91
                0x00000248                __vector_34
                0x00000248                __vector_62
                0x00000248                __vector_77
                0x00000248                __vector_102
                0x00000248                __vector_24
                0x00000248                __vector_12
                0x00000248                __vector_55
                0x00000248                __vector_69
                0x00000248                __vector_81
                0x00000248                __vector_90
                0x00000248                __vector_46
                0x00000248                __bad_interrupt
                0x00000248                __vector_122
                0x00000248                __vector_72
                0x00000248                __vector_114
                0x00000248                __vector_6
                0x00000248                __vector_110
                0x00000248                __vector_31
                0x00000248                __vector_92
                0x00000248                __vector_35
                0x00000248                __vector_78
                0x00000248                __vector_74
                0x00000248                __vector_117
                0x00000248                __vector_39
                0x00000248                __vector_107
                0x00000248                __vector_3
                0x00000248                __vector_105
                0x00000248                __vector_98
                0x00000248                __vector_23
                0x00000248                __vector_68
                0x00000248                __vector_30
                0x00000248                __vector_73
                0x00000248                __vector_45
                0x00000248                __vector_25
                0x00000248                __vector_93
                0x00000248                __vector_61
                0x00000248                __vector_11
                0x00000248                __vector_54
                0x00000248                __vector_99
                0x00000248                __vector_13
                0x00000248                __vector_17
                0x00000248                __vector_19
                0x00000248                __vector_56
                0x00000248                __vector_7
                0x00000248                __vector_49
                0x00000248                __vector_123
                0x00000248                __vector_41
                0x00000248                __vector_86
                0x00000248                __vector_100
                0x00000248                __vector_101
                0x00000248                __vector_64
                0x00000248                __vector_88
                0x00000248                __vector_109
                0x00000248                __vector_43
                0x00000248                __vector_27
                0x00000248                __vector_5
                0x00000248                __vector_113
                0x00000248                __vector_33
                0x00000248                __vector_76
                0x00000248                __vector_115
                0x00000248                __vector_47
                0x00000248                __vector_52
                0x00000248                __vector_37
                0x00000248                __vector_95
                0x00000248                __vector_103
                0x00000248                __vector_96
                0x00000248                __vector_89
                0x00000248                __vector_108
                0x00000248                __vector_4
                0x00000248                __vector_44
                0x00000248                __vector_82
                0x00000248                __vector_106
                0x00000248                __vector_118
                0x00000248                __vector_51
                0x00000248                __vector_9
                0x00000248                __vector_2
                0x00000248                __vector_21
                0x00000248                __vector_15
                0x00000248                __vector_66
                0x00000248                __vector_36
                0x00000248                __vector_79
                0x00000248                __vector_58
                0x00000248                __vector_70
                0x00000248                __vector_83
                0x00000248                __vector_29
                0x00000248                __vector_60
                0x00000248                __vector_121
                0x00000248                __vector_40
                0x00000248                __vector_85
                0x00000248                __vector_94
                0x00000248                __vector_8
                0x00000248                __vector_26
                0x00000248                __vector_48
                0x00000248                __vector_124
                0x00000248                __vector_116
                0x00000248                __vector_112
                0x00000248                __vector_111
                0x00000248                __vector_80
                0x00000248                __vector_14
                0x00000248                __vector_84
                0x00000248                __vector_57
                0x00000248                __vector_53
                0x00000248                __vector_10
                0x00000248                __vector_50
                0x00000248                __vector_16
                0x00000248                __vector_59
                0x00000248                __vector_18
                0x00000248                __vector_97
                0x00000248                __vector_20
                0x00000248                __vector_42
                0x00000248                __vector_87
                0x00000248                __vector_65
                0x00000248                __vector_120
                0x0000024a                . = ALIGN (0x2)
 *(.text.*)
 .text.ui_init  0x0000024a        0x2 src/ASF/common/services/usb/class/hid/device/kbd/example/atxmega128a4u_stk600-rc044x/ui.o
                0x0000024a                ui_init
 .text.ui_powerdown
                0x0000024c        0x2 src/ASF/common/services/usb/class/hid/device/kbd/example/atxmega128a4u_stk600-rc044x/ui.o
                0x0000024c                ui_powerdown
 .text.ui_wakeup_enable
                0x0000024e        0x2 src/ASF/common/services/usb/class/hid/device/kbd/example/atxmega128a4u_stk600-rc044x/ui.o
                0x0000024e                ui_wakeup_enable
 .text.ui_wakeup_disable
                0x00000250        0x2 src/ASF/common/services/usb/class/hid/device/kbd/example/atxmega128a4u_stk600-rc044x/ui.o
                0x00000250                ui_wakeup_disable
 .text.ui_wakeup
                0x00000252        0x2 src/ASF/common/services/usb/class/hid/device/kbd/example/atxmega128a4u_stk600-rc044x/ui.o
                0x00000252                ui_wakeup
 .text.ui_process
                0x00000254      0x12a src/ASF/common/services/usb/class/hid/device/kbd/example/atxmega128a4u_stk600-rc044x/ui.o
                0x00000254                ui_process
 .text.ui_kbd_led
                0x0000037e        0x2 src/ASF/common/services/usb/class/hid/device/kbd/example/atxmega128a4u_stk600-rc044x/ui.o
                0x0000037e                ui_kbd_led
 .text.sysclk_init
                0x00000380       0xe0 src/ASF/common/services/clock/xmega/sysclk.o
                0x00000380                sysclk_init
 .text.sysclk_enable_module
                0x00000460       0x18 src/ASF/common/services/clock/xmega/sysclk.o
                0x00000460                sysclk_enable_module
 .text.sysclk_enable_usb
                0x00000478       0x6a src/ASF/common/services/clock/xmega/sysclk.o
                0x00000478                sysclk_enable_usb
 .text.ioport_configure_port_pin
                0x000004e2       0x50 src/ASF/common/services/ioport/xmega/ioport_compat.o
                0x000004e2                ioport_configure_port_pin
 .text.udi_hid_kbd_getsetting
                0x00000532        0x4 src/ASF/common/services/usb/class/hid/device/kbd/udi_hid_kbd.o
                0x00000532                udi_hid_kbd_getsetting
 .text.udi_hid_kbd_setreport
                0x00000536       0x54 src/ASF/common/services/usb/class/hid/device/kbd/udi_hid_kbd.o
 .text.udi_hid_kbd_send_report
                0x0000058a       0x44 src/ASF/common/services/usb/class/hid/device/kbd/udi_hid_kbd.o
 .text.udi_hid_kbd_report_sent
                0x000005ce        0xe src/ASF/common/services/usb/class/hid/device/kbd/udi_hid_kbd.o
 .text.udi_hid_kbd_setup
                0x000005dc       0x12 src/ASF/common/services/usb/class/hid/device/kbd/udi_hid_kbd.o
                0x000005dc                udi_hid_kbd_setup
 .text.udi_hid_kbd_setreport_valid
                0x000005ee        0x6 src/ASF/common/services/usb/class/hid/device/kbd/udi_hid_kbd.o
 .text.udi_hid_kbd_disable
                0x000005f4        0x6 src/ASF/common/services/usb/class/hid/device/kbd/udi_hid_kbd.o
                0x000005f4                udi_hid_kbd_disable
 .text.udi_hid_kbd_enable
                0x000005fa       0x22 src/ASF/common/services/usb/class/hid/device/kbd/udi_hid_kbd.o
                0x000005fa                udi_hid_kbd_enable
 .text.udi_hid_kbd_up
                0x0000061c       0x64 src/ASF/common/services/usb/class/hid/device/kbd/udi_hid_kbd.o
                0x0000061c                udi_hid_kbd_up
 .text.udi_hid_kbd_down
                0x00000680       0x56 src/ASF/common/services/usb/class/hid/device/kbd/udi_hid_kbd.o
                0x00000680                udi_hid_kbd_down
 .text.udi_hid_setup
                0x000006d6      0x136 src/ASF/common/services/usb/class/hid/device/udi_hid.o
                0x000006d6                udi_hid_setup
 .text.udc_get_eof_conf
                0x0000080c       0x1c src/ASF/common/services/usb/udc/udc.o
 .text.udc_next_desc_in_iface
                0x00000828       0x5e src/ASF/common/services/usb/udc/udc.o
 .text.udc_update_iface_desc
                0x00000886       0x82 src/ASF/common/services/usb/udc/udc.o
 .text.udc_valid_address
                0x00000908        0x8 src/ASF/common/services/usb/udc/udc.o
 .text.udc_iface_enable
                0x00000910       0x68 src/ASF/common/services/usb/udc/udc.o
 .text.udc_iface_disable
                0x00000978       0x84 src/ASF/common/services/usb/udc/udc.o
 .text.udc_get_interface_desc
                0x000009fc        0xa src/ASF/common/services/usb/udc/udc.o
                0x000009fc                udc_get_interface_desc
 .text.udc_start
                0x00000a06        0x4 src/ASF/common/services/usb/udc/udc.o
                0x00000a06                udc_start
 .text.udc_reset
                0x00000a0a       0x58 src/ASF/common/services/usb/udc/udc.o
                0x00000a0a                udc_reset
 .text.udc_sof_notify
                0x00000a62       0x5e src/ASF/common/services/usb/udc/udc.o
                0x00000a62                udc_sof_notify
 .text.udc_process_setup
                0x00000ac0      0x56a src/ASF/common/services/usb/udc/udc.o
                0x00000ac0                udc_process_setup
 .text.board_init
                0x0000102a       0x90 src/ASF/xmega/boards/stk600/rc044x/init.o
                0x0000102a                board_init
 .text.ccp_write_io
                0x000010ba        0xc src/ASF/xmega/drivers/cpu/ccp.o
                0x000010ba                ccp_write_io
 .text.nvm_read_byte
                0x000010c6       0x14 src/ASF/xmega/drivers/nvm/nvm_asm.o
                0x000010c6                nvm_read_byte
 .text.udd_sleep_mode
                0x000010da       0x3e src/ASF/xmega/drivers/usb/usb_device.o
 .text.udd_ep_get_ctrl
                0x00001118       0x32 src/ASF/xmega/drivers/usb/usb_device.o
 .text.udd_ep_init
                0x0000114a       0x7a src/ASF/xmega/drivers/usb/usb_device.o
 .text.udd_ctrl_init
                0x000011c4       0x56 src/ASF/xmega/drivers/usb/usb_device.o
 .text.udd_ctrl_stall_data
                0x0000121a       0x1c src/ASF/xmega/drivers/usb/usb_device.o
 .text.udd_ctrl_send_zlp_in
                0x00001236       0x1c src/ASF/xmega/drivers/usb/usb_device.o
 .text.udd_ctrl_send_zlp_out
                0x00001252       0x14 src/ASF/xmega/drivers/usb/usb_device.o
 .text.udd_ctrl_endofrequest
                0x00001266       0x10 src/ASF/xmega/drivers/usb/usb_device.o
 .text.udd_ctrl_in_sent
                0x00001276       0xd0 src/ASF/xmega/drivers/usb/usb_device.o
 .text.udd_ep_get_size
                0x00001346       0x56 src/ASF/xmega/drivers/usb/usb_device.o
 .text.udd_ep_get_job
                0x0000139c       0x3c src/ASF/xmega/drivers/usb/usb_device.o
 .text.udd_ctrl_interrupt_tc_setup
                0x000013d8       0xda src/ASF/xmega/drivers/usb/usb_device.o
 .text.udd_ep_trans_complet
                0x000014b2      0x202 src/ASF/xmega/drivers/usb/usb_device.o
 .text.udd_attach
                0x000016b4       0x46 src/ASF/xmega/drivers/usb/usb_device.o
                0x000016b4                udd_attach
 .text.udd_enable
                0x000016fa       0xc8 src/ASF/xmega/drivers/usb/usb_device.o
                0x000016fa                udd_enable
 .text.udd_set_address
                0x000017c2        0x6 src/ASF/xmega/drivers/usb/usb_device.o
                0x000017c2                udd_set_address
 .text.udd_getaddress
                0x000017c8        0x6 src/ASF/xmega/drivers/usb/usb_device.o
                0x000017c8                udd_getaddress
 .text.udd_get_frame_number
                0x000017ce        0xe src/ASF/xmega/drivers/usb/usb_device.o
                0x000017ce                udd_get_frame_number
 .text.udd_set_setup_payload
                0x000017dc       0x12 src/ASF/xmega/drivers/usb/usb_device.o
                0x000017dc                udd_set_setup_payload
 .text.udd_ep_alloc
                0x000017ee       0x52 src/ASF/xmega/drivers/usb/usb_device.o
                0x000017ee                udd_ep_alloc
 .text.udd_ep_is_halted
                0x00001840        0xe src/ASF/xmega/drivers/usb/usb_device.o
                0x00001840                udd_ep_is_halted
 .text.udd_ep_clear_halt
                0x0000184e       0x32 src/ASF/xmega/drivers/usb/usb_device.o
                0x0000184e                udd_ep_clear_halt
 .text.udd_ep_run
                0x00001880       0xec src/ASF/xmega/drivers/usb/usb_device.o
                0x00001880                udd_ep_run
 .text.udd_ep_abort
                0x0000196c       0x4e src/ASF/xmega/drivers/usb/usb_device.o
                0x0000196c                udd_ep_abort
 .text.udd_ep_set_halt
                0x000019ba       0x20 src/ASF/xmega/drivers/usb/usb_device.o
                0x000019ba                udd_ep_set_halt
 .text.udd_ep_free
                0x000019da       0x12 src/ASF/xmega/drivers/usb/usb_device.o
                0x000019da                udd_ep_free
 .text.__vector_125
                0x000019ec      0x172 src/ASF/xmega/drivers/usb/usb_device.o
                0x000019ec                __vector_125
 .text.__vector_126
                0x00001b5e      0x1dc src/ASF/xmega/drivers/usb/usb_device.o
                0x00001b5e                __vector_126
 .text.main     0x00001d3a       0x82 src/main.o
                0x00001d3a                main
 .text.main_suspend_action
                0x00001dbc        0x6 src/main.o
                0x00001dbc                main_suspend_action
 .text.main_resume_action
                0x00001dc2        0x6 src/main.o
                0x00001dc2                main_resume_action
 .text.main_sof_action
                0x00001dc8       0x10 src/main.o
                0x00001dc8                main_sof_action
 .text.main_remotewakeup_enable
                0x00001dd8        0x6 src/main.o
                0x00001dd8                main_remotewakeup_enable
 .text.main_remotewakeup_disable
                0x00001dde        0x6 src/main.o
                0x00001dde                main_remotewakeup_disable
 .text.main_kbd_enable
                0x00001de4        0x8 src/main.o
                0x00001de4                main_kbd_enable
 .text.main_kbd_disable
                0x00001dec        0x6 src/main.o
                0x00001dec                main_kbd_disable
 .text.libgcc.div
                0x00001df2       0x28 c:/program files (x86)/atmel/atmel toolchain/avr8 gcc/native/3.4.2.1002/avr8-gnu-toolchain/bin/../lib/gcc/avr/4.7.2/avrxmega7\libgcc.a(_udivmodhi4.o)
                0x00001df2                __udivmodhi4
 .text.avr-libc
                0x00001e1a       0x12 c:/program files (x86)/atmel/atmel toolchain/avr8 gcc/native/3.4.2.1002/avr8-gnu-toolchain/bin/../lib/gcc/avr/4.7.2/../../../../avr/lib/avrxmega7\libc.a(memcpy.o)
                0x00001e1a                memcpy
                0x00001e2c                . = ALIGN (0x2)
 *(.fini9)
 .fini9         0x00001e2c        0x0 c:/program files (x86)/atmel/atmel toolchain/avr8 gcc/native/3.4.2.1002/avr8-gnu-toolchain/bin/../lib/gcc/avr/4.7.2/avrxmega7\libgcc.a(_exit.o)
                0x00001e2c                _exit
                0x00001e2c                exit
 *(.fini9)
 *(.fini8)
 *(.fini8)
 *(.fini7)
 *(.fini7)
 *(.fini6)
 *(.fini6)
 *(.fini5)
 *(.fini5)
 *(.fini4)
 *(.fini4)
 *(.fini3)
 *(.fini3)
 *(.fini2)
 *(.fini2)
 *(.fini1)
 *(.fini1)
 *(.fini0)
 .fini0         0x00001e2c        0x4 c:/program files (x86)/atmel/atmel toolchain/avr8 gcc/native/3.4.2.1002/avr8-gnu-toolchain/bin/../lib/gcc/avr/4.7.2/avrxmega7\libgcc.a(_exit.o)
 *(.fini0)
                0x00001e30                _etext = .

.data           0x00802000       0xc0 load address 0x00001e30
                0x00802000                PROVIDE (__data_start, .)
 *(.data)
 .data          0x00802000        0x0 c:/program files (x86)/atmel/atmel toolchain/avr8 gcc/native/3.4.2.1002/avr8-gnu-toolchain/bin/../lib/gcc/avr/4.7.2/../../../../avr/lib/avrxmega7/crtx128a4u.o
 .data          0x00802000        0x0 src/ASF/common/services/usb/class/hid/device/kbd/example/atxmega128a4u_stk600-rc044x/ui.o
 .data          0x00802000        0x0 src/ASF/common/services/clock/xmega/sysclk.o
 .data          0x00802000        0x0 src/ASF/common/services/ioport/xmega/ioport_compat.o
 .data          0x00802000        0x0 src/ASF/common/services/sleepmgr/xmega/sleepmgr.o
 .data          0x00802000        0x0 src/ASF/common/services/usb/class/hid/device/kbd/udi_hid_kbd.o
 .data          0x00802000        0x0 src/ASF/common/services/usb/class/hid/device/kbd/udi_hid_kbd_desc.o
 .data          0x00802000        0x0 src/ASF/common/services/usb/class/hid/device/udi_hid.o
 .data          0x00802000        0x0 src/ASF/common/services/usb/udc/udc.o
 .data          0x00802000        0x0 src/ASF/xmega/boards/stk600/rc044x/init.o
 .data          0x00802000        0x0 src/ASF/xmega/drivers/cpu/ccp.o
 .data          0x00802000        0x0 src/ASF/xmega/drivers/nvm/nvm.o
 .data          0x00802000        0x0 src/ASF/xmega/drivers/nvm/nvm_asm.o
 .data          0x00802000        0x0 src/ASF/xmega/drivers/usb/usb_device.o
 .data          0x00802000        0x0 src/main.o
 .data          0x00802000        0x0 c:/program files (x86)/atmel/atmel toolchain/avr8 gcc/native/3.4.2.1002/avr8-gnu-toolchain/bin/../lib/gcc/avr/4.7.2/avrxmega7\libgcc.a(_udivmodhi4.o)
 .data          0x00802000        0x0 c:/program files (x86)/atmel/atmel toolchain/avr8 gcc/native/3.4.2.1002/avr8-gnu-toolchain/bin/../lib/gcc/avr/4.7.2/avrxmega7\libgcc.a(_exit.o)
 .data          0x00802000        0x0 c:/program files (x86)/atmel/atmel toolchain/avr8 gcc/native/3.4.2.1002/avr8-gnu-toolchain/bin/../lib/gcc/avr/4.7.2/avrxmega7\libgcc.a(_copy_data.o)
 .data          0x00802000        0x0 c:/program files (x86)/atmel/atmel toolchain/avr8 gcc/native/3.4.2.1002/avr8-gnu-toolchain/bin/../lib/gcc/avr/4.7.2/avrxmega7\libgcc.a(_clear_bss.o)
 .data          0x00802000        0x0 c:/program files (x86)/atmel/atmel toolchain/avr8 gcc/native/3.4.2.1002/avr8-gnu-toolchain/bin/../lib/gcc/avr/4.7.2/../../../../avr/lib/avrxmega7\libc.a(memcpy.o)
 *(.data*)
 .data.sleepmgr_configs
                0x00802000        0x6 src/ASF/common/services/sleepmgr/xmega/sleepmgr.o
                0x00802000                sleepmgr_configs
 .data.udi_hid_kbd_report_desc
                0x00802006       0x3b src/ASF/common/services/usb/class/hid/device/kbd/udi_hid_kbd.o
                0x00802006                udi_hid_kbd_report_desc
 .data.udi_api_hid_kbd
                0x00802041        0xa src/ASF/common/services/usb/class/hid/device/kbd/udi_hid_kbd.o
                0x00802041                udi_api_hid_kbd
 .data.udc_config
                0x0080204b        0x4 src/ASF/common/services/usb/class/hid/device/kbd/udi_hid_kbd_desc.o
                0x0080204b                udc_config
 .data.udc_config_fshs
                0x0080204f        0x4 src/ASF/common/services/usb/class/hid/device/kbd/udi_hid_kbd_desc.o
                0x0080204f                udc_config_fshs
 .data.udi_apis
                0x00802053        0x2 src/ASF/common/services/usb/class/hid/device/kbd/udi_hid_kbd_desc.o
                0x00802053                udi_apis
 *fill*         0x00802055        0x1 
 .data.udc_desc
                0x00802056       0x22 src/ASF/common/services/usb/class/hid/device/kbd/udi_hid_kbd_desc.o
                0x00802056                udc_desc
 .data.udc_device_desc
                0x00802078       0x12 src/ASF/common/services/usb/class/hid/device/kbd/udi_hid_kbd_desc.o
                0x00802078                udc_device_desc
 .data.udc_string_desc_languageid
                0x0080208a        0x4 src/ASF/common/services/usb/udc/udc.o
 .data.udc_string_manufacturer_name
                0x0080208e        0xa src/ASF/common/services/usb/udc/udc.o
 .data.udc_string_product_name
                0x00802098        0xd src/ASF/common/services/usb/udc/udc.o
 *fill*         0x008020a5        0x1 
 .data.udc_string_desc
                0x008020a6       0x1a src/ASF/common/services/usb/udc/udc.o
 *(.rodata)
 *(.rodata*)
 *(.gnu.linkonce.d*)
                0x008020c0                . = ALIGN (0x2)
                0x008020c0                _edata = .
                0x008020c0                PROVIDE (__data_end, .)

.bss            0x008020c0       0xc8
                0x008020c0                PROVIDE (__bss_start, .)
 *(.bss)
 *(.bss*)
 .bss.i.5088    0x008020c0        0x4 src/ASF/common/services/usb/class/hid/device/kbd/example/atxmega128a4u_stk600-rc044x/ui.o
 .bss.udi_hid_kbd_rate
                0x008020c4        0x1 src/ASF/common/services/usb/class/hid/device/kbd/udi_hid_kbd.o
 .bss.udi_hid_kbd_protocol
                0x008020c5        0x1 src/ASF/common/services/usb/class/hid/device/kbd/udi_hid_kbd.o
 .bss.udi_hid_kbd_b_report_trans_ongoing
                0x008020c6        0x1 src/ASF/common/services/usb/class/hid/device/kbd/udi_hid_kbd.o
 .bss.udi_hid_kbd_report
                0x008020c7        0x8 src/ASF/common/services/usb/class/hid/device/kbd/udi_hid_kbd.o
 .bss.udi_hid_kbd_b_report_valid
                0x008020cf        0x1 src/ASF/common/services/usb/class/hid/device/kbd/udi_hid_kbd.o
 .bss.udi_hid_kbd_report_set
                0x008020d0        0x1 src/ASF/common/services/usb/class/hid/device/kbd/udi_hid_kbd.o
 *fill*         0x008020d1        0x1 
 .bss.udi_hid_kbd_report_trans
                0x008020d2        0x8 src/ASF/common/services/usb/class/hid/device/kbd/udi_hid_kbd.o
 .bss.udc_ptr_iface
                0x008020da        0x2 src/ASF/common/services/usb/udc/udc.o
 .bss.udc_num_configuration
                0x008020dc        0x1 src/ASF/common/services/usb/udc/udc.o
 .bss.udc_ptr_conf
                0x008020dd        0x2 src/ASF/common/services/usb/udc/udc.o
 .bss.udc_device_status
                0x008020df        0x2 src/ASF/common/services/usb/udc/udc.o
 .bss.udc_iface_setting.4438
                0x008020e1        0x1 src/ASF/common/services/usb/udc/udc.o
 .bss.udc_ep_status.4380
                0x008020e2        0x2 src/ASF/common/services/usb/udc/udc.o
 .bss.udd_sram  0x008020e4       0x2c src/ASF/xmega/drivers/usb/usb_device.o
 .bss.udd_ep_job
                0x00802110       0x12 src/ASF/xmega/drivers/usb/usb_device.o
 .bss.udd_b_idle
                0x00802122        0x1 src/ASF/xmega/drivers/usb/usb_device.o
 .bss.udd_ep_out_cache_buffer
                0x00802123       0x40 src/ASF/xmega/drivers/usb/usb_device.o
 .bss.udd_ctrl_buffer
                0x00802163        0x8 src/ASF/xmega/drivers/usb/usb_device.o
 .bss.udd_ep_control_state
                0x0080216b        0x1 src/ASF/xmega/drivers/usb/usb_device.o
 .bss.udd_ctrl_prev_payload_nb_trans
                0x0080216c        0x2 src/ASF/xmega/drivers/usb/usb_device.o
 .bss.udd_ctrl_payload_nb_trans
                0x0080216e        0x2 src/ASF/xmega/drivers/usb/usb_device.o
 .bss.b_shortpacket.5086
                0x00802170        0x1 src/ASF/xmega/drivers/usb/usb_device.o
 .bss.main_b_kbd_enable
                0x00802171        0x1 src/main.o
 *(COMMON)
 COMMON         0x00802172        0x6 src/ASF/common/services/sleepmgr/xmega/sleepmgr.o
                0x00802172                sleepmgr_locks
 COMMON         0x00802178       0x10 src/ASF/xmega/drivers/usb/usb_device.o
                0x00802178                udd_g_ctrlreq
                0x00802188                PROVIDE (__bss_end, .)
                0x00001e30                __data_load_start = LOADADDR (.data)
                0x00001ef0                __data_load_end = (__data_load_start + SIZEOF (.data))

.noinit         0x00802188        0x0
                0x00802188                PROVIDE (__noinit_start, .)
 *(.noinit*)
                0x00802188                PROVIDE (__noinit_end, .)
                0x00802188                _end = .
                0x00802188                PROVIDE (__heap_start, .)

.eeprom         0x00810000        0x0
 *(.eeprom*)
                0x00810000                __eeprom_end = .

.fuse
 *(.fuse)
 *(.lfuse)
 *(.hfuse)
 *(.efuse)

.lock
 *(.lock*)

.signature
 *(.signature*)

.user_signatures
 *(.user_signatures*)

.stab           0x00000000      0x798
 *(.stab)
 .stab          0x00000000      0x714 c:/program files (x86)/atmel/atmel toolchain/avr8 gcc/native/3.4.2.1002/avr8-gnu-toolchain/bin/../lib/gcc/avr/4.7.2/../../../../avr/lib/avrxmega7/crtx128a4u.o
 .stab          0x00000714       0x84 c:/program files (x86)/atmel/atmel toolchain/avr8 gcc/native/3.4.2.1002/avr8-gnu-toolchain/bin/../lib/gcc/avr/4.7.2/../../../../avr/lib/avrxmega7\libc.a(memcpy.o)
                                 0x90 (size before relaxing)

.stabstr        0x00000000      0x10b
 *(.stabstr)
 .stabstr       0x00000000      0x10b c:/program files (x86)/atmel/atmel toolchain/avr8 gcc/native/3.4.2.1002/avr8-gnu-toolchain/bin/../lib/gcc/avr/4.7.2/../../../../avr/lib/avrxmega7/crtx128a4u.o

.stab.excl
 *(.stab.excl)

.stab.exclstr
 *(.stab.exclstr)

.stab.index
 *(.stab.index)

.stab.indexstr
 *(.stab.indexstr)

.comment        0x00000000       0x2f
 *(.comment)
 .comment       0x00000000       0x2f src/ASF/common/services/usb/class/hid/device/kbd/example/atxmega128a4u_stk600-rc044x/ui.o
                                 0x30 (size before relaxing)
 .comment       0x00000000       0x30 src/ASF/common/services/clock/xmega/sysclk.o
 .comment       0x00000000       0x30 src/ASF/common/services/ioport/xmega/ioport_compat.o
 .comment       0x00000000       0x30 src/ASF/common/services/sleepmgr/xmega/sleepmgr.o
 .comment       0x00000000       0x30 src/ASF/common/services/usb/class/hid/device/kbd/udi_hid_kbd.o
 .comment       0x00000000       0x30 src/ASF/common/services/usb/class/hid/device/kbd/udi_hid_kbd_desc.o
 .comment       0x00000000       0x30 src/ASF/common/services/usb/class/hid/device/udi_hid.o
 .comment       0x00000000       0x30 src/ASF/common/services/usb/udc/udc.o
 .comment       0x00000000       0x30 src/ASF/xmega/boards/stk600/rc044x/init.o
 .comment       0x00000000       0x30 src/ASF/xmega/drivers/nvm/nvm.o
 .comment       0x00000000       0x30 src/ASF/xmega/drivers/usb/usb_device.o
 .comment       0x00000000       0x30 src/main.o

.debug
 *(.debug)

.line
 *(.line)

.debug_srcinfo
 *(.debug_srcinfo)

.debug_sfnames
 *(.debug_sfnames)

.debug_aranges  0x00000000      0x4a8
 *(.debug_aranges)
 .debug_aranges
                0x00000000       0x50 src/ASF/common/services/usb/class/hid/device/kbd/example/atxmega128a4u_stk600-rc044x/ui.o
 .debug_aranges
                0x00000050       0x40 src/ASF/common/services/clock/xmega/sysclk.o
 .debug_aranges
                0x00000090       0x20 src/ASF/common/services/ioport/xmega/ioport_compat.o
 .debug_aranges
                0x000000b0       0x18 src/ASF/common/services/sleepmgr/xmega/sleepmgr.o
 .debug_aranges
                0x000000c8       0x78 src/ASF/common/services/usb/class/hid/device/kbd/udi_hid_kbd.o
 .debug_aranges
                0x00000140       0x18 src/ASF/common/services/usb/class/hid/device/kbd/udi_hid_kbd_desc.o
 .debug_aranges
                0x00000158       0x20 src/ASF/common/services/usb/class/hid/device/udi_hid.o
 .debug_aranges
                0x00000178       0x78 src/ASF/common/services/usb/udc/udc.o
 .debug_aranges
                0x000001f0       0x20 src/ASF/xmega/boards/stk600/rc044x/init.o
 .debug_aranges
                0x00000210       0x20 src/ASF/xmega/drivers/cpu/ccp.o
 .debug_aranges
                0x00000230       0xc0 src/ASF/xmega/drivers/nvm/nvm.o
 .debug_aranges
                0x000002f0       0x28 src/ASF/xmega/drivers/nvm/nvm_asm.o
 .debug_aranges
                0x00000318      0x138 src/ASF/xmega/drivers/usb/usb_device.o
 .debug_aranges
                0x00000450       0x58 src/main.o

.debug_pubnames
 *(.debug_pubnames)

.debug_info     0x00000000     0x7421
 *(.debug_info)
 .debug_info    0x00000000      0x39c src/ASF/common/services/usb/class/hid/device/kbd/example/atxmega128a4u_stk600-rc044x/ui.o
 .debug_info    0x0000039c      0xc46 src/ASF/common/services/clock/xmega/sysclk.o
 .debug_info    0x00000fe2      0x11d src/ASF/common/services/ioport/xmega/ioport_compat.o
 .debug_info    0x000010ff      0x121 src/ASF/common/services/sleepmgr/xmega/sleepmgr.o
 .debug_info    0x00001220      0x876 src/ASF/common/services/usb/class/hid/device/kbd/udi_hid_kbd.o
 .debug_info    0x00001a96      0x60f src/ASF/common/services/usb/class/hid/device/kbd/udi_hid_kbd_desc.o
 .debug_info    0x000020a5      0x416 src/ASF/common/services/usb/class/hid/device/udi_hid.o
 .debug_info    0x000024bb     0x1138 src/ASF/common/services/usb/udc/udc.o
 .debug_info    0x000035f3      0x6a8 src/ASF/xmega/boards/stk600/rc044x/init.o
 .debug_info    0x00003c9b       0x85 src/ASF/xmega/drivers/cpu/ccp.o
 .debug_info    0x00003d20     0x13c2 src/ASF/xmega/drivers/nvm/nvm.o
 .debug_info    0x000050e2       0x85 src/ASF/xmega/drivers/nvm/nvm_asm.o
 .debug_info    0x00005167     0x1d2c src/ASF/xmega/drivers/usb/usb_device.o
 .debug_info    0x00006e93      0x58e src/main.o
 *(.gnu.linkonce.wi.*)

.debug_abbrev   0x00000000     0x1ba9
 *(.debug_abbrev)
 .debug_abbrev  0x00000000      0x125 src/ASF/common/services/usb/class/hid/device/kbd/example/atxmega128a4u_stk600-rc044x/ui.o
 .debug_abbrev  0x00000125      0x2cd src/ASF/common/services/clock/xmega/sysclk.o
 .debug_abbrev  0x000003f2       0x93 src/ASF/common/services/ioport/xmega/ioport_compat.o
 .debug_abbrev  0x00000485       0x80 src/ASF/common/services/sleepmgr/xmega/sleepmgr.o
 .debug_abbrev  0x00000505      0x33c src/ASF/common/services/usb/class/hid/device/kbd/udi_hid_kbd.o
 .debug_abbrev  0x00000841       0xef src/ASF/common/services/usb/class/hid/device/kbd/udi_hid_kbd_desc.o
 .debug_abbrev  0x00000930      0x180 src/ASF/common/services/usb/class/hid/device/udi_hid.o
 .debug_abbrev  0x00000ab0      0x395 src/ASF/common/services/usb/udc/udc.o
 .debug_abbrev  0x00000e45      0x160 src/ASF/xmega/boards/stk600/rc044x/init.o
 .debug_abbrev  0x00000fa5       0x14 src/ASF/xmega/drivers/cpu/ccp.o
 .debug_abbrev  0x00000fb9      0x3f4 src/ASF/xmega/drivers/nvm/nvm.o
 .debug_abbrev  0x000013ad       0x12 src/ASF/xmega/drivers/nvm/nvm_asm.o
 .debug_abbrev  0x000013bf      0x5a7 src/ASF/xmega/drivers/usb/usb_device.o
 .debug_abbrev  0x00001966      0x243 src/main.o

.debug_line     0x00000000     0x6bd8
 *(.debug_line)
 .debug_line    0x00000000      0xa2b src/ASF/common/services/usb/class/hid/device/kbd/example/atxmega128a4u_stk600-rc044x/ui.o
 .debug_line    0x00000a2b      0x755 src/ASF/common/services/clock/xmega/sysclk.o
 .debug_line    0x00001180      0x4d6 src/ASF/common/services/ioport/xmega/ioport_compat.o
 .debug_line    0x00001656      0x47d src/ASF/common/services/sleepmgr/xmega/sleepmgr.o
 .debug_line    0x00001ad3      0x8c2 src/ASF/common/services/usb/class/hid/device/kbd/udi_hid_kbd.o
 .debug_line    0x00002395      0x554 src/ASF/common/services/usb/class/hid/device/kbd/udi_hid_kbd_desc.o
 .debug_line    0x000028e9      0x64a src/ASF/common/services/usb/class/hid/device/udi_hid.o
 .debug_line    0x00002f33      0xb99 src/ASF/common/services/usb/udc/udc.o
 .debug_line    0x00003acc      0x4f9 src/ASF/xmega/boards/stk600/rc044x/init.o
 .debug_line    0x00003fc5       0x6e src/ASF/xmega/drivers/cpu/ccp.o
 .debug_line    0x00004033      0xbb4 src/ASF/xmega/drivers/nvm/nvm.o
 .debug_line    0x00004be7      0x11f src/ASF/xmega/drivers/nvm/nvm_asm.o
 .debug_line    0x00004d06     0x14db src/ASF/xmega/drivers/usb/usb_device.o
 .debug_line    0x000061e1      0x9f7 src/main.o

.debug_frame    0x00000000      0xbec
 *(.debug_frame)
 .debug_frame   0x00000000       0x84 src/ASF/common/services/usb/class/hid/device/kbd/example/atxmega128a4u_stk600-rc044x/ui.o
 .debug_frame   0x00000084       0x80 src/ASF/common/services/clock/xmega/sysclk.o
 .debug_frame   0x00000104       0x30 src/ASF/common/services/ioport/xmega/ioport_compat.o
 .debug_frame   0x00000134      0x100 src/ASF/common/services/usb/class/hid/device/kbd/udi_hid_kbd.o
 .debug_frame   0x00000234       0x30 src/ASF/common/services/usb/class/hid/device/udi_hid.o
 .debug_frame   0x00000264      0x148 src/ASF/common/services/usb/udc/udc.o
 .debug_frame   0x000003ac       0x24 src/ASF/xmega/boards/stk600/rc044x/init.o
 .debug_frame   0x000003d0      0x354 src/ASF/xmega/drivers/nvm/nvm.o
 .debug_frame   0x00000724      0x434 src/ASF/xmega/drivers/usb/usb_device.o
 .debug_frame   0x00000b58       0x94 src/main.o

.debug_str      0x00000000    0x2a9fd
 *(.debug_str)
 .debug_str     0x00000000    0x24d89 src/ASF/common/services/usb/class/hid/device/kbd/example/atxmega128a4u_stk600-rc044x/ui.o
                              0x25414 (size before relaxing)
 .debug_str     0x00024d89      0x804 src/ASF/common/services/clock/xmega/sysclk.o
                              0x22a45 (size before relaxing)
 .debug_str     0x0002558d       0xab src/ASF/common/services/ioport/xmega/ioport_compat.o
                              0x2131f (size before relaxing)
 .debug_str     0x00025638       0x96 src/ASF/common/services/sleepmgr/xmega/sleepmgr.o
                              0x21162 (size before relaxing)
 .debug_str     0x000256ce      0x561 src/ASF/common/services/usb/class/hid/device/kbd/udi_hid_kbd.o
                              0x236a3 (size before relaxing)
 .debug_str     0x00025c2f      0x4b5 src/ASF/common/services/usb/class/hid/device/kbd/udi_hid_kbd_desc.o
                              0x235bf (size before relaxing)
 .debug_str     0x000260e4      0x220 src/ASF/common/services/usb/class/hid/device/udi_hid.o
                              0x234c9 (size before relaxing)
 .debug_str     0x00026304      0x6f0 src/ASF/common/services/usb/udc/udc.o
                              0x23c76 (size before relaxing)
 .debug_str     0x000269f4      0x1ca src/ASF/xmega/boards/stk600/rc044x/init.o
                              0x21dae (size before relaxing)
 .debug_str     0x00026bbe      0x587 src/ASF/xmega/drivers/nvm/nvm.o
                              0x21890 (size before relaxing)
 .debug_str     0x00027145     0x37b3 src/ASF/xmega/drivers/usb/usb_device.o
                              0x289cd (size before relaxing)
 .debug_str     0x0002a8f8      0x105 src/main.o
                              0x2568f (size before relaxing)

.debug_loc      0x00000000     0x3344
 *(.debug_loc)
 .debug_loc     0x00000000       0x26 src/ASF/common/services/usb/class/hid/device/kbd/example/atxmega128a4u_stk600-rc044x/ui.o
 .debug_loc     0x00000026      0x345 src/ASF/common/services/clock/xmega/sysclk.o
 .debug_loc     0x0000036b       0x43 src/ASF/common/services/ioport/xmega/ioport_compat.o
 .debug_loc     0x000003ae      0x387 src/ASF/common/services/usb/class/hid/device/kbd/udi_hid_kbd.o
 .debug_loc     0x00000735      0x318 src/ASF/common/services/usb/class/hid/device/udi_hid.o
 .debug_loc     0x00000a4d      0x68c src/ASF/common/services/usb/udc/udc.o
 .debug_loc     0x000010d9     0x10cf src/ASF/xmega/drivers/nvm/nvm.o
 .debug_loc     0x000021a8     0x10f8 src/ASF/xmega/drivers/usb/usb_device.o
 .debug_loc     0x000032a0       0xa4 src/main.o

.debug_macinfo
 *(.debug_macinfo)

.debug_pubtypes
 *(.debug_pubtypes)

.debug_ranges   0x00000000      0x478
 *(.debug_ranges)
 .debug_ranges  0x00000000       0x40 src/ASF/common/services/usb/class/hid/device/kbd/example/atxmega128a4u_stk600-rc044x/ui.o
 .debug_ranges  0x00000040       0x30 src/ASF/common/services/clock/xmega/sysclk.o
 .debug_ranges  0x00000070       0x10 src/ASF/common/services/ioport/xmega/ioport_compat.o
 .debug_ranges  0x00000080       0x68 src/ASF/common/services/usb/class/hid/device/kbd/udi_hid_kbd.o
 .debug_ranges  0x000000e8       0x10 src/ASF/common/services/usb/class/hid/device/udi_hid.o
 .debug_ranges  0x000000f8       0xb0 src/ASF/common/services/usb/udc/udc.o
 .debug_ranges  0x000001a8       0x10 src/ASF/xmega/boards/stk600/rc044x/init.o
 .debug_ranges  0x000001b8       0xb0 src/ASF/xmega/drivers/nvm/nvm.o
 .debug_ranges  0x00000268       0x20 src/ASF/xmega/drivers/nvm/nvm_asm.o
 .debug_ranges  0x00000288      0x140 src/ASF/xmega/drivers/usb/usb_device.o
 .debug_ranges  0x000003c8       0xb0 src/main.o

.debug_macro    0x00000000     0xa465
 *(.debug_macro)
 .debug_macro   0x00000000      0x319 src/ASF/common/services/usb/class/hid/device/kbd/example/atxmega128a4u_stk600-rc044x/ui.o
 .debug_macro   0x00000319      0x5ec src/ASF/common/services/usb/class/hid/device/kbd/example/atxmega128a4u_stk600-rc044x/ui.o
 .debug_macro   0x00000905       0x10 src/ASF/common/services/usb/class/hid/device/kbd/example/atxmega128a4u_stk600-rc044x/ui.o
 .debug_macro   0x00000915      0x1ad src/ASF/common/services/usb/class/hid/device/kbd/example/atxmega128a4u_stk600-rc044x/ui.o
 .debug_macro   0x00000ac2      0x293 src/ASF/common/services/usb/class/hid/device/kbd/example/atxmega128a4u_stk600-rc044x/ui.o
 .debug_macro   0x00000d55       0x9e src/ASF/common/services/usb/class/hid/device/kbd/example/atxmega128a4u_stk600-rc044x/ui.o
 .debug_macro   0x00000df3     0x54a2 src/ASF/common/services/usb/class/hid/device/kbd/example/atxmega128a4u_stk600-rc044x/ui.o
 .debug_macro   0x00006295       0x9a src/ASF/common/services/usb/class/hid/device/kbd/example/atxmega128a4u_stk600-rc044x/ui.o
 .debug_macro   0x0000632f       0xf1 src/ASF/common/services/usb/class/hid/device/kbd/example/atxmega128a4u_stk600-rc044x/ui.o
 .debug_macro   0x00006420       0x34 src/ASF/common/services/usb/class/hid/device/kbd/example/atxmega128a4u_stk600-rc044x/ui.o
 .debug_macro   0x00006454       0x18 src/ASF/common/services/usb/class/hid/device/kbd/example/atxmega128a4u_stk600-rc044x/ui.o
 .debug_macro   0x0000646c       0x5e src/ASF/common/services/usb/class/hid/device/kbd/example/atxmega128a4u_stk600-rc044x/ui.o
 .debug_macro   0x000064ca       0x10 src/ASF/common/services/usb/class/hid/device/kbd/example/atxmega128a4u_stk600-rc044x/ui.o
 .debug_macro   0x000064da       0x22 src/ASF/common/services/usb/class/hid/device/kbd/example/atxmega128a4u_stk600-rc044x/ui.o
 .debug_macro   0x000064fc      0x16c src/ASF/common/services/usb/class/hid/device/kbd/example/atxmega128a4u_stk600-rc044x/ui.o
 .debug_macro   0x00006668       0x1c src/ASF/common/services/usb/class/hid/device/kbd/example/atxmega128a4u_stk600-rc044x/ui.o
 .debug_macro   0x00006684       0x35 src/ASF/common/services/usb/class/hid/device/kbd/example/atxmega128a4u_stk600-rc044x/ui.o
 .debug_macro   0x000066b9       0x51 src/ASF/common/services/usb/class/hid/device/kbd/example/atxmega128a4u_stk600-rc044x/ui.o
 .debug_macro   0x0000670a      0x2ee src/ASF/common/services/usb/class/hid/device/kbd/example/atxmega128a4u_stk600-rc044x/ui.o
 .debug_macro   0x000069f8       0x97 src/ASF/common/services/usb/class/hid/device/kbd/example/atxmega128a4u_stk600-rc044x/ui.o
 .debug_macro   0x00006a8f       0x17 src/ASF/common/services/usb/class/hid/device/kbd/example/atxmega128a4u_stk600-rc044x/ui.o
 .debug_macro   0x00006aa6      0x250 src/ASF/common/services/usb/class/hid/device/kbd/example/atxmega128a4u_stk600-rc044x/ui.o
 .debug_macro   0x00006cf6       0x76 src/ASF/common/services/usb/class/hid/device/kbd/example/atxmega128a4u_stk600-rc044x/ui.o
 .debug_macro   0x00006d6c       0x16 src/ASF/common/services/usb/class/hid/device/kbd/example/atxmega128a4u_stk600-rc044x/ui.o
 .debug_macro   0x00006d82      0x6e0 src/ASF/common/services/usb/class/hid/device/kbd/example/atxmega128a4u_stk600-rc044x/ui.o
 .debug_macro   0x00007462       0x10 src/ASF/common/services/usb/class/hid/device/kbd/example/atxmega128a4u_stk600-rc044x/ui.o
 .debug_macro   0x00007472      0x160 src/ASF/common/services/usb/class/hid/device/kbd/example/atxmega128a4u_stk600-rc044x/ui.o
 .debug_macro   0x000075d2       0x40 src/ASF/common/services/usb/class/hid/device/kbd/example/atxmega128a4u_stk600-rc044x/ui.o
 .debug_macro   0x00007612       0x69 src/ASF/common/services/usb/class/hid/device/kbd/example/atxmega128a4u_stk600-rc044x/ui.o
 .debug_macro   0x0000767b       0x32 src/ASF/common/services/usb/class/hid/device/kbd/example/atxmega128a4u_stk600-rc044x/ui.o
 .debug_macro   0x000076ad       0xe4 src/ASF/common/services/usb/class/hid/device/kbd/example/atxmega128a4u_stk600-rc044x/ui.o
 .debug_macro   0x00007791       0x34 src/ASF/common/services/usb/class/hid/device/kbd/example/atxmega128a4u_stk600-rc044x/ui.o
 .debug_macro   0x000077c5       0x7c src/ASF/common/services/usb/class/hid/device/kbd/example/atxmega128a4u_stk600-rc044x/ui.o
 .debug_macro   0x00007841      0x109 src/ASF/common/services/usb/class/hid/device/kbd/example/atxmega128a4u_stk600-rc044x/ui.o
 .debug_macro   0x0000794a       0x40 src/ASF/common/services/usb/class/hid/device/kbd/example/atxmega128a4u_stk600-rc044x/ui.o
 .debug_macro   0x0000798a      0x1e3 src/ASF/common/services/usb/class/hid/device/kbd/example/atxmega128a4u_stk600-rc044x/ui.o
 .debug_macro   0x00007b6d       0x94 src/ASF/common/services/usb/class/hid/device/kbd/example/atxmega128a4u_stk600-rc044x/ui.o
 .debug_macro   0x00007c01       0x26 src/ASF/common/services/usb/class/hid/device/kbd/example/atxmega128a4u_stk600-rc044x/ui.o
 .debug_macro   0x00007c27       0x1c src/ASF/common/services/usb/class/hid/device/kbd/example/atxmega128a4u_stk600-rc044x/ui.o
 .debug_macro   0x00007c43       0x5e src/ASF/common/services/usb/class/hid/device/kbd/example/atxmega128a4u_stk600-rc044x/ui.o
 .debug_macro   0x00007ca1       0x10 src/ASF/common/services/usb/class/hid/device/kbd/example/atxmega128a4u_stk600-rc044x/ui.o
 .debug_macro   0x00007cb1       0x2e src/ASF/common/services/usb/class/hid/device/kbd/example/atxmega128a4u_stk600-rc044x/ui.o
 .debug_macro   0x00007cdf       0x7b src/ASF/common/services/usb/class/hid/device/kbd/example/atxmega128a4u_stk600-rc044x/ui.o
 .debug_macro   0x00007d5a       0x2f src/ASF/common/services/usb/class/hid/device/kbd/example/atxmega128a4u_stk600-rc044x/ui.o
 .debug_macro   0x00007d89      0x154 src/ASF/common/services/usb/class/hid/device/kbd/example/atxmega128a4u_stk600-rc044x/ui.o
 .debug_macro   0x00007edd       0x70 src/ASF/common/services/usb/class/hid/device/kbd/example/atxmega128a4u_stk600-rc044x/ui.o
 .debug_macro   0x00007f4d       0x22 src/ASF/common/services/usb/class/hid/device/kbd/example/atxmega128a4u_stk600-rc044x/ui.o
 .debug_macro   0x00007f6f      0x241 src/ASF/common/services/usb/class/hid/device/kbd/example/atxmega128a4u_stk600-rc044x/ui.o
 .debug_macro   0x000081b0       0xbb src/ASF/common/services/usb/class/hid/device/kbd/example/atxmega128a4u_stk600-rc044x/ui.o
 .debug_macro   0x0000826b      0x44f src/ASF/common/services/usb/class/hid/device/kbd/example/atxmega128a4u_stk600-rc044x/ui.o
 .debug_macro   0x000086ba       0x16 src/ASF/common/services/usb/class/hid/device/kbd/example/atxmega128a4u_stk600-rc044x/ui.o
 .debug_macro   0x000086d0       0x16 src/ASF/common/services/usb/class/hid/device/kbd/example/atxmega128a4u_stk600-rc044x/ui.o
 .debug_macro   0x000086e6       0x22 src/ASF/common/services/usb/class/hid/device/kbd/example/atxmega128a4u_stk600-rc044x/ui.o
 .debug_macro   0x00008708      0x1d1 src/ASF/common/services/clock/xmega/sysclk.o
 .debug_macro   0x000088d9      0x189 src/ASF/common/services/ioport/xmega/ioport_compat.o
 .debug_macro   0x00008a62      0x199 src/ASF/common/services/sleepmgr/xmega/sleepmgr.o
 .debug_macro   0x00008bfb      0x22c src/ASF/common/services/usb/class/hid/device/kbd/udi_hid_kbd.o
 .debug_macro   0x00008e27       0x6a src/ASF/common/services/usb/class/hid/device/kbd/udi_hid_kbd.o
 .debug_macro   0x00008e91       0x1c src/ASF/common/services/usb/class/hid/device/kbd/udi_hid_kbd.o
 .debug_macro   0x00008ead       0x16 src/ASF/common/services/usb/class/hid/device/kbd/udi_hid_kbd.o
 .debug_macro   0x00008ec3      0x206 src/ASF/common/services/usb/class/hid/device/kbd/udi_hid_kbd_desc.o
 .debug_macro   0x000090c9      0x20e src/ASF/common/services/usb/class/hid/device/udi_hid.o
 .debug_macro   0x000092d7      0x213 src/ASF/common/services/usb/udc/udc.o
 .debug_macro   0x000094ea      0x1b0 src/ASF/xmega/boards/stk600/rc044x/init.o
 .debug_macro   0x0000969a      0x1dd src/ASF/xmega/boards/stk600/rc044x/init.o
 .debug_macro   0x00009877      0x18e src/ASF/xmega/drivers/nvm/nvm.o
 .debug_macro   0x00009a05      0x2dc src/ASF/xmega/drivers/usb/usb_device.o
 .debug_macro   0x00009ce1      0x467 src/ASF/xmega/drivers/usb/usb_device.o
 .debug_macro   0x0000a148      0x31d src/main.o
OUTPUT(KEYBOARD_EXAMPLE2.elf elf32-avr)
LOAD linker stubs

.BOOT           0x00020000        0x0
